20:25:09 **** Incremental Build of configuration Debug for project Drivers ****
make -j8 all 
arm-none-eabi-gcc  -gdwarf-2 "../Src/main.c" -mcpu=cortex-m3 -std=gnu11 -g3 -DSTM32 -DSTM32F1 -DSTM32F103C6Tx -DDEBUG -c -I../Inc -I"D:/embedded diploma/unit8/workspace/Drivers/Stm32_F103C6_Drivers/inc" -I"D:/embedded diploma/unit8/workspace/Drivers/HAL/includes" -I"D:/embedded diploma/unit8/workspace/Drivers/Stm32_F103C6_Drivers/inc" -O0 -ffunction-sections -fdata-sections -Wall -fstack-usage -MMD -MP -MF"Src/main.d" -MT"Src/main.o" --specs=nano.specs -mfloat-abi=soft -mthumb -o "Src/main.o"
../Src/main.c: In function 'main':
../Src/main.c:73:33: warning: passing argument 2 of 'MCAL_UART_ReceiveData' from incompatible pointer type [-Wincompatible-pointer-types]
   MCAL_UART_ReceiveData(USART1, &ch, enable);
                                 ^
In file included from ../Src/main.c:21:0:
D:/embedded diploma/unit8/workspace/Drivers/Stm32_F103C6_Drivers/inc/stm32f103x8_USART_driver.h:161:6: note: expected 'uint16_t * {aka short unsigned int *}' but argument is of type 'unsigned char *'
 void MCAL_UART_ReceiveData (USART_TypeDef *USARTx, uint16_t *pTxBuffer ,enum Polling_mechism PollingEn );
      ^~~~~~~~~~~~~~~~~~~~~
../Src/main.c:74:30: warning: passing argument 2 of 'MCAL_UART_SendData' from incompatible pointer type [-Wincompatible-pointer-types]
   MCAL_UART_SendData(USART1, &ch, enable);
                              ^
In file included from ../Src/main.c:21:0:
D:/embedded diploma/unit8/workspace/Drivers/Stm32_F103C6_Drivers/inc/stm32f103x8_USART_driver.h:160:6: note: expected 'uint16_t * {aka short unsigned int *}' but argument is of type 'unsigned char *'
 void MCAL_UART_SendData (USART_TypeDef *USARTx, uint16_t *pTxBuffer,enum Polling_mechism PollingEn );
      ^~~~~~~~~~~~~~~~~~
arm-none-eabi-gcc  -gdwarf-2 -o "Drivers.elf" @"objects.list"   -mcpu=cortex-m3 -T"D:\embedded diploma\unit8\workspace\Drivers\STM32F103C6TX_FLASH.ld" --specs=nosys.specs -Wl,-Map="Drivers.map" -Wl,--gc-sections -static --specs=nano.specs -mfloat-abi=soft -mthumb -Wl,--start-group -lc -lm -Wl,--end-group
Finished building target: Drivers.elf
 
arm-none-eabi-objdump -h -S  Drivers.elf  > "Drivers.list"
arm-none-eabi-objcopy  -O binary  Drivers.elf  "Drivers.bin"
arm-none-eabi-size   Drivers.elf 
   text	   data	    bss	    dec	    hex	filename
   2796	      8	   1632	   4436	   1154	Drivers.elf
Finished building: default.size.stdout
 
Finished building: Drivers.bin
Finished building: Drivers.list
 
 

20:25:10 Build Finished. 0 errors, 2 warnings. (took 579ms)

