20:28:37 **** Build of configuration Debug for project Uart_Driver ****
make -j8 all 
arm-none-eabi-gcc  -gdwarf-2 "../Stm32_F103C6_Drivers/GPIO/stm32f103x8_gpio_driver.c" -mcpu=cortex-m3 -std=gnu11 -g3 -DSTM32 -DSTM32F1 -DSTM32F103C6Tx -DDEBUG -c -I../Inc -I"D:/embedded diploma/unit8/workspace/Uart_Driver/Stm32_F103C6_Drivers/inc" -I"D:/embedded diploma/unit8/workspace/Uart_Driver/HAL/includes" -I"D:/embedded diploma/unit8/workspace/Uart_Driver/Stm32_F103C6_Drivers/inc" -O0 -ffunction-sections -fdata-sections -Wall -fstack-usage -MMD -MP -MF"Stm32_F103C6_Drivers/GPIO/stm32f103x8_gpio_driver.d" -MT"Stm32_F103C6_Drivers/GPIO/stm32f103x8_gpio_driver.o" --specs=nano.specs -mfloat-abi=soft -mthumb -o "Stm32_F103C6_Drivers/GPIO/stm32f103x8_gpio_driver.o"
arm-none-eabi-gcc  -gdwarf-2 "../Stm32_F103C6_Drivers/stm32f103x8_EXTI_driver.c" -mcpu=cortex-m3 -std=gnu11 -g3 -DSTM32 -DSTM32F1 -DSTM32F103C6Tx -DDEBUG -c -I../Inc -I"D:/embedded diploma/unit8/workspace/Uart_Driver/Stm32_F103C6_Drivers/inc" -I"D:/embedded diploma/unit8/workspace/Uart_Driver/HAL/includes" -I"D:/embedded diploma/unit8/workspace/Uart_Driver/Stm32_F103C6_Drivers/inc" -O0 -ffunction-sections -fdata-sections -Wall -fstack-usage -MMD -MP -MF"Stm32_F103C6_Drivers/stm32f103x8_EXTI_driver.d" -MT"Stm32_F103C6_Drivers/stm32f103x8_EXTI_driver.o" --specs=nano.specs -mfloat-abi=soft -mthumb -o "Stm32_F103C6_Drivers/stm32f103x8_EXTI_driver.o"
arm-none-eabi-gcc  -gdwarf-2 "../Stm32_F103C6_Drivers/stm32f103x8_RCC_driver.c" -mcpu=cortex-m3 -std=gnu11 -g3 -DSTM32 -DSTM32F1 -DSTM32F103C6Tx -DDEBUG -c -I../Inc -I"D:/embedded diploma/unit8/workspace/Uart_Driver/Stm32_F103C6_Drivers/inc" -I"D:/embedded diploma/unit8/workspace/Uart_Driver/HAL/includes" -I"D:/embedded diploma/unit8/workspace/Uart_Driver/Stm32_F103C6_Drivers/inc" -O0 -ffunction-sections -fdata-sections -Wall -fstack-usage -MMD -MP -MF"Stm32_F103C6_Drivers/stm32f103x8_RCC_driver.d" -MT"Stm32_F103C6_Drivers/stm32f103x8_RCC_driver.o" --specs=nano.specs -mfloat-abi=soft -mthumb -o "Stm32_F103C6_Drivers/stm32f103x8_RCC_driver.o"
arm-none-eabi-gcc  -gdwarf-2 "../Stm32_F103C6_Drivers/stm32f103x8_USART_driver.c" -mcpu=cortex-m3 -std=gnu11 -g3 -DSTM32 -DSTM32F1 -DSTM32F103C6Tx -DDEBUG -c -I../Inc -I"D:/embedded diploma/unit8/workspace/Uart_Driver/Stm32_F103C6_Drivers/inc" -I"D:/embedded diploma/unit8/workspace/Uart_Driver/HAL/includes" -I"D:/embedded diploma/unit8/workspace/Uart_Driver/Stm32_F103C6_Drivers/inc" -O0 -ffunction-sections -fdata-sections -Wall -fstack-usage -MMD -MP -MF"Stm32_F103C6_Drivers/stm32f103x8_USART_driver.d" -MT"Stm32_F103C6_Drivers/stm32f103x8_USART_driver.o" --specs=nano.specs -mfloat-abi=soft -mthumb -o "Stm32_F103C6_Drivers/stm32f103x8_USART_driver.o"
arm-none-eabi-gcc  -gdwarf-2 -mcpu=cortex-m3 -g3 -c -x assembler-with-cpp -MMD -MP -MF"Startup/startup_stm32f103c6tx.d" -MT"Startup/startup_stm32f103c6tx.o" --specs=nano.specs -mfloat-abi=soft -mthumb -o "Startup/startup_stm32f103c6tx.o" "../Startup/startup_stm32f103c6tx.s"
arm-none-eabi-gcc  -gdwarf-2 "../Src/main.c" -mcpu=cortex-m3 -std=gnu11 -g3 -DSTM32 -DSTM32F1 -DSTM32F103C6Tx -DDEBUG -c -I../Inc -I"D:/embedded diploma/unit8/workspace/Uart_Driver/Stm32_F103C6_Drivers/inc" -I"D:/embedded diploma/unit8/workspace/Uart_Driver/HAL/includes" -I"D:/embedded diploma/unit8/workspace/Uart_Driver/Stm32_F103C6_Drivers/inc" -O0 -ffunction-sections -fdata-sections -Wall -fstack-usage -MMD -MP -MF"Src/main.d" -MT"Src/main.o" --specs=nano.specs -mfloat-abi=soft -mthumb -o "Src/main.o"
arm-none-eabi-gcc  -gdwarf-2 "../Src/syscalls.c" -mcpu=cortex-m3 -std=gnu11 -g3 -DSTM32 -DSTM32F1 -DSTM32F103C6Tx -DDEBUG -c -I../Inc -I"D:/embedded diploma/unit8/workspace/Uart_Driver/Stm32_F103C6_Drivers/inc" -I"D:/embedded diploma/unit8/workspace/Uart_Driver/HAL/includes" -I"D:/embedded diploma/unit8/workspace/Uart_Driver/Stm32_F103C6_Drivers/inc" -O0 -ffunction-sections -fdata-sections -Wall -fstack-usage -MMD -MP -MF"Src/syscalls.d" -MT"Src/syscalls.o" --specs=nano.specs -mfloat-abi=soft -mthumb -o "Src/syscalls.o"
arm-none-eabi-gcc  -gdwarf-2 "../Src/sysmem.c" -mcpu=cortex-m3 -std=gnu11 -g3 -DSTM32 -DSTM32F1 -DSTM32F103C6Tx -DDEBUG -c -I../Inc -I"D:/embedded diploma/unit8/workspace/Uart_Driver/Stm32_F103C6_Drivers/inc" -I"D:/embedded diploma/unit8/workspace/Uart_Driver/HAL/includes" -I"D:/embedded diploma/unit8/workspace/Uart_Driver/Stm32_F103C6_Drivers/inc" -O0 -ffunction-sections -fdata-sections -Wall -fstack-usage -MMD -MP -MF"Src/sysmem.d" -MT"Src/sysmem.o" --specs=nano.specs -mfloat-abi=soft -mthumb -o "Src/sysmem.o"
../Stm32_F103C6_Drivers/stm32f103x8_EXTI_driver.c:3:1: warning: "/*" within comment [-Wcomment]
 /*
  
../Stm32_F103C6_Drivers/stm32f103x8_RCC_driver.c: In function 'MCAL_RCC_GetSYS_CLCKFreq':
../Stm32_F103C6_Drivers/stm32f103x8_RCC_driver.c:85:1: warning: control reaches end of non-void function [-Wreturn-type]
 }
 ^
arm-none-eabi-gcc  -gdwarf-2 "../HAL/keypad.c" -mcpu=cortex-m3 -std=gnu11 -g3 -DSTM32 -DSTM32F1 -DSTM32F103C6Tx -DDEBUG -c -I../Inc -I"D:/embedded diploma/unit8/workspace/Uart_Driver/Stm32_F103C6_Drivers/inc" -I"D:/embedded diploma/unit8/workspace/Uart_Driver/HAL/includes" -I"D:/embedded diploma/unit8/workspace/Uart_Driver/Stm32_F103C6_Drivers/inc" -O0 -ffunction-sections -fdata-sections -Wall -fstack-usage -MMD -MP -MF"HAL/keypad.d" -MT"HAL/keypad.o" --specs=nano.specs -mfloat-abi=soft -mthumb -o "HAL/keypad.o"
../Src/main.c: In function 'main':
../Src/main.c:73:33: warning: passing argument 2 of 'MCAL_UART_ReceiveData' from incompatible pointer type [-Wincompatible-pointer-types]
   MCAL_UART_ReceiveData(USART1, &ch, enable);
                                 ^
In file included from ../Src/main.c:21:0:
D:/embedded diploma/unit8/workspace/Uart_Driver/Stm32_F103C6_Drivers/inc/stm32f103x8_USART_driver.h:159:6: note: expected 'uint16_t * {aka short unsigned int *}' but argument is of type 'unsigned char *'
 void MCAL_UART_ReceiveData (USART_TypeDef *USARTx, uint16_t *pTxBuffer ,enum Polling_mechism PollingEn );
      ^~~~~~~~~~~~~~~~~~~~~
../Src/main.c:74:30: warning: passing argument 2 of 'MCAL_UART_SendData' from incompatible pointer type [-Wincompatible-pointer-types]
   MCAL_UART_SendData(USART1, &ch, enable);
arm-none-eabi-gcc  -gdwarf-2 "../HAL/lcd.c" -mcpu=cortex-m3 -std=gnu11 -g3 -DSTM32 -DSTM32F1 -DSTM32F103C6Tx -DDEBUG -c -I../Inc -I"D:/embedded diploma/unit8/workspace/Uart_Driver/Stm32_F103C6_Drivers/inc" -I"D:/embedded diploma/unit8/workspace/Uart_Driver/HAL/includes" -I"D:/embedded diploma/unit8/workspace/Uart_Driver/Stm32_F103C6_Drivers/inc" -O0 -ffunction-sections -fdata-sections -Wall -fstack-usage -MMD -MP -MF"HAL/lcd.d" -MT"HAL/lcd.o" --specs=nano.specs -mfloat-abi=soft -mthumb -o "HAL/lcd.o"
                              ^
In file included from ../Src/main.c:21:0:
D:/embedded diploma/unit8/workspace/Uart_Driver/Stm32_F103C6_Drivers/inc/stm32f103x8_USART_driver.h:158:6: note: expected 'uint16_t * {aka short unsigned int *}' but argument is of type 'unsigned char *'
 void MCAL_UART_SendData (USART_TypeDef *USARTx, uint16_t *pTxBuffer,enum Polling_mechism PollingEn );
      ^~~~~~~~~~~~~~~~~~
arm-none-eabi-gcc  -gdwarf-2 -o "Uart_Driver.elf" @"objects.list"   -mcpu=cortex-m3 -T"D:\embedded diploma\unit8\workspace\Uart_Driver\STM32F103C6TX_FLASH.ld" --specs=nosys.specs -Wl,-Map="Uart_Driver.map" -Wl,--gc-sections -static --specs=nano.specs -mfloat-abi=soft -mthumb -Wl,--start-group -lc -lm -Wl,--end-group
Finished building target: Uart_Driver.elf
 
arm-none-eabi-size   Uart_Driver.elf 
arm-none-eabi-objdump -h -S  Uart_Driver.elf  > "Uart_Driver.list"
arm-none-eabi-objcopy  -O binary  Uart_Driver.elf  "Uart_Driver.bin"
   text	   data	    bss	    dec	    hex	filename
   2796	      8	   1632	   4436	   1154	Uart_Driver.elf
Finished building: default.size.stdout
 
Finished building: Uart_Driver.bin
Finished building: Uart_Driver.list
 
 

20:28:38 Build Finished. 0 errors, 4 warnings. (took 1s.63ms)

