16:51:59 **** Build of configuration Debug for project Clk_lab3 ****
make -j8 all 
arm-none-eabi-gcc -mcpu=cortex-m3 -g3 -c -x assembler-with-cpp -MMD -MP -MF"Startup/startup_stm32f103c6tx.d" -MT"Startup/startup_stm32f103c6tx.o" --specs=nano.specs -mfloat-abi=soft -mthumb -o "Startup/startup_stm32f103c6tx.o" "../Startup/startup_stm32f103c6tx.s"
arm-none-eabi-gcc "../Src/main.c" -mcpu=cortex-m3 -std=gnu11 -g3 -DSTM32 -DSTM32F1 -DSTM32F103C6Tx -DDEBUG -c -I../Inc -O0 -ffunction-sections -fdata-sections -Wall -fstack-usage -MMD -MP -MF"Src/main.d" -MT"Src/main.o" --specs=nano.specs -mfloat-abi=soft -mthumb -o "Src/main.o"
arm-none-eabi-gcc "../Src/syscalls.c" -mcpu=cortex-m3 -std=gnu11 -g3 -DSTM32 -DSTM32F1 -DSTM32F103C6Tx -DDEBUG -c -I../Inc -O0 -ffunction-sections -fdata-sections -Wall -fstack-usage -MMD -MP -MF"Src/syscalls.d" -MT"Src/syscalls.o" --specs=nano.specs -mfloat-abi=soft -mthumb -o "Src/syscalls.o"
arm-none-eabi-gcc "../Src/sysmem.c" -mcpu=cortex-m3 -std=gnu11 -g3 -DSTM32 -DSTM32F1 -DSTM32F103C6Tx -DDEBUG -c -I../Inc -O0 -ffunction-sections -fdata-sections -Wall -fstack-usage -MMD -MP -MF"Src/sysmem.d" -MT"Src/sysmem.o" --specs=nano.specs -mfloat-abi=soft -mthumb -o "Src/sysmem.o"
../Src/main.c: In function 'main':
../Src/main.c:68:7: warning: this 'for' clause does not guard... [-Wmisleading-indentation]
       for (int i=0;i<5000;i++);
       ^~~
../Src/main.c:70:3: note: ...this statement, but the latter is misleadingly indented as if it were guarded by the 'for'
   R_ODR->pin.p_13=0;
   ^~~~~
arm-none-eabi-gcc -o "Clk_lab3.elf" @"objects.list"   -mcpu=cortex-m3 -T"D:\embedded diploma\unit6\work_space\Clock\Clk_lab3\STM32F103C6TX_FLASH.ld" --specs=nosys.specs -Wl,-Map="Clk_lab3.map" -Wl,--gc-sections -static --specs=nano.specs -mfloat-abi=soft -mthumb -Wl,--start-group -lc -lm -Wl,--end-group
Finished building target: Clk_lab3.elf
 
arm-none-eabi-size   Clk_lab3.elf 
arm-none-eabi-objdump -h -S  Clk_lab3.elf  > "Clk_lab3.list"
arm-none-eabi-objcopy  -O binary  Clk_lab3.elf  "Clk_lab3.bin"
   text	   data	    bss	    dec	    hex	filename
    748	     12	   1564	   2324	    914	Clk_lab3.elf
Finished building: default.size.stdout
 
Finished building: Clk_lab3.bin
Finished building: Clk_lab3.list
 
 

16:51:59 Build Finished. 0 errors, 1 warnings. (took 474ms)

